<html>
<body>
<pre>
<h1>µVision Build Log</h1>
<h2>Tool Versions:</h2>
IDE-Version: ¦ÌVision V5.25.3.0
Copyright (C) 2018 ARM Ltd and ARM Germany GmbH. All rights reserved.
License Information: Microsoft Microsoft, Microsoft, LIC=ATTQ1-CPPDQ-30ANC-7EIMX-ERB7U-M4X4C
 
Tool Versions:
Toolchain:       MDK-ARM Plus  Version: 5.29.0.0
Toolchain Path:  D:\Program Files (x86)\Keil\ARM\ARMCC\Bin
C Compiler:      Armcc.exe V5.06 update 6 (build 750)
Assembler:       Armasm.exe V5.06 update 6 (build 750)
Linker/Locator:  ArmLink.exe V5.06 update 6 (build 750)
Library Manager: ArmAr.exe V5.06 update 6 (build 750)
Hex Converter:   FromElf.exe V5.06 update 6 (build 750)
CPU DLL:         SARMCM3.DLL V5.29.0.0
Dialog DLL:      DCM.DLL V1.17.3.0
Target DLL:      STLink\ST-LINKIII-KEIL_SWO.dll V3.0.7.0
Dialog DLL:      TCM.DLL V1.36.5.0
 
<h2>Project:</h2>
D:\Documents\CubeMX\FPGA_COMMUNITY\MDK-ARM\FPGA_COMMUNITY.uvprojx
Project File Date:  09/18/2021

<h2>Output:</h2>
*** Using Compiler 'V5.06 update 6 (build 750)', folder: 'D:\Program Files (x86)\Keil\ARM\ARMCC\Bin'
Build target 'FPGA_COMMUNITY'
compiling main.c...
../Core/Src/main.c(103): warning:  #177-D: variable "i"  was declared but never referenced
  		uint8_t i;
../Core/Src/main.c: 1 warning, 0 errors
linking...
Program Size: Code=6512 RO-data=448 RW-data=28 ZI-data=1260  
FromELF: creating hex file...
"FPGA_COMMUNITY\FPGA_COMMUNITY.axf" - 0 Error(s), 1 Warning(s).

<h2>Software Packages used:</h2>

Package Vendor: ARM
                http://www.keil.com/pack/ARM.CMSIS.5.6.0.pack
                ARM.CMSIS.5.6.0
                CMSIS (Cortex Microcontroller Software Interface Standard)
   * Component: CORE Version: 5.3.0

Package Vendor: Keil
                http://www.keil.com/pack/Keil.STM32F4xx_DFP.2.14.0.pack
                Keil.STM32F4xx_DFP.2.14.0
                STMicroelectronics STM32F4 Series Device Support, Drivers and Examples

<h2>Collection of Component include folders:</h2>
  .\RTE\_FPGA_COMMUNITY
  D:\Program Files (x86)\Keil\ARM\PACK\ARM\CMSIS\5.6.0\CMSIS\Core\Include
  D:\Program Files (x86)\Keil\ARM\PACK\Keil\STM32F4xx_DFP\2.14.0\Drivers\CMSIS\Device\ST\STM32F4xx\Include

<h2>Collection of Component Files used:</h2>

   * Component: ARM::CMSIS:CORE:5.3.0
Build Time Elapsed:  00:00:14
</pre>
</body>
</html>
